[2026-03-21 19:05:53] [INFO] Asserting element is visible: //h1
